../Core/Src/main.c:98:6:HAL_TIM_PeriodElapsedCallback	16	static
../Core/Src/main.c:108:6:HAL_I2C_MasterTxCpltCallback	16	static
../Core/Src/main.c:113:6:HAL_I2C_MasterRxCpltCallback	56	static
../Core/Src/main.c:128:5:main	16	static
../Core/Src/main.c:191:6:SystemClock_Config	88	static
../Core/Src/main.c:238:13:MX_I2C1_Init	8	static
../Core/Src/main.c:272:13:MX_TIM2_Init	32	static
../Core/Src/main.c:317:13:MX_USART2_UART_Init	8	static
../Core/Src/main.c:348:13:MX_DMA_Init	16	static
../Core/Src/main.c:372:13:MX_GPIO_Init	48	static
../Core/Src/main.c:412:6:Error_Handler	4	static,ignoring_inline_asm
