Archive member included to satisfy reference by file (symbol)

/Applications/STM32CubeIDE.app/Contents/Eclipse/plugins/com.st.stm32cube.ide.mcu.externaltools.gnu-tools-for-stm32.11.3.rel1.macos64_1.1.1.202309131626/tools/bin/../lib/gcc/arm-none-eabi/11.3.1/../../../../arm-none-eabi/lib/thumb/v7e-m+fp/hard/libc_nano.a(libc_a-exit.o)
                              /Applications/STM32CubeIDE.app/Contents/Eclipse/plugins/com.st.stm32cube.ide.mcu.externaltools.gnu-tools-for-stm32.11.3.rel1.macos64_1.1.1.202309131626/tools/bin/../lib/gcc/arm-none-eabi/11.3.1/../../../../arm-none-eabi/lib/thumb/v7e-m+fp/hard/crt0.o (exit)
/Applications/STM32CubeIDE.app/Contents/Eclipse/plugins/com.st.stm32cube.ide.mcu.externaltools.gnu-tools-for-stm32.11.3.rel1.macos64_1.1.1.202309131626/tools/bin/../lib/gcc/arm-none-eabi/11.3.1/../../../../arm-none-eabi/lib/thumb/v7e-m+fp/hard/libc_nano.a(libc_a-findfp.o)
                              /Applications/STM32CubeIDE.app/Contents/Eclipse/plugins/com.st.stm32cube.ide.mcu.externaltools.gnu-tools-for-stm32.11.3.rel1.macos64_1.1.1.202309131626/tools/bin/../lib/gcc/arm-none-eabi/11.3.1/../../../../arm-none-eabi/lib/thumb/v7e-m+fp/hard/libc_nano.a(libc_a-exit.o) (__stdio_exit_handler)
/Applications/STM32CubeIDE.app/Contents/Eclipse/plugins/com.st.stm32cube.ide.mcu.externaltools.gnu-tools-for-stm32.11.3.rel1.macos64_1.1.1.202309131626/tools/bin/../lib/gcc/arm-none-eabi/11.3.1/../../../../arm-none-eabi/lib/thumb/v7e-m+fp/hard/libc_nano.a(libc_a-fwalk.o)
                              /Applications/STM32CubeIDE.app/Contents/Eclipse/plugins/com.st.stm32cube.ide.mcu.externaltools.gnu-tools-for-stm32.11.3.rel1.macos64_1.1.1.202309131626/tools/bin/../lib/gcc/arm-none-eabi/11.3.1/../../../../arm-none-eabi/lib/thumb/v7e-m+fp/hard/libc_nano.a(libc_a-findfp.o) (_fwalk_sglue)
/Applications/STM32CubeIDE.app/Contents/Eclipse/plugins/com.st.stm32cube.ide.mcu.externaltools.gnu-tools-for-stm32.11.3.rel1.macos64_1.1.1.202309131626/tools/bin/../lib/gcc/arm-none-eabi/11.3.1/../../../../arm-none-eabi/lib/thumb/v7e-m+fp/hard/libc_nano.a(libc_a-memset.o)
                              /Applications/STM32CubeIDE.app/Contents/Eclipse/plugins/com.st.stm32cube.ide.mcu.externaltools.gnu-tools-for-stm32.11.3.rel1.macos64_1.1.1.202309131626/tools/bin/../lib/gcc/arm-none-eabi/11.3.1/../../../../arm-none-eabi/lib/thumb/v7e-m+fp/hard/crt0.o (memset)
/Applications/STM32CubeIDE.app/Contents/Eclipse/plugins/com.st.stm32cube.ide.mcu.externaltools.gnu-tools-for-stm32.11.3.rel1.macos64_1.1.1.202309131626/tools/bin/../lib/gcc/arm-none-eabi/11.3.1/../../../../arm-none-eabi/lib/thumb/v7e-m+fp/hard/libc_nano.a(libc_a-impure.o)
                              /Applications/STM32CubeIDE.app/Contents/Eclipse/plugins/com.st.stm32cube.ide.mcu.externaltools.gnu-tools-for-stm32.11.3.rel1.macos64_1.1.1.202309131626/tools/bin/../lib/gcc/arm-none-eabi/11.3.1/../../../../arm-none-eabi/lib/thumb/v7e-m+fp/hard/libc_nano.a(libc_a-findfp.o) (_impure_data)
/Applications/STM32CubeIDE.app/Contents/Eclipse/plugins/com.st.stm32cube.ide.mcu.externaltools.gnu-tools-for-stm32.11.3.rel1.macos64_1.1.1.202309131626/tools/bin/../lib/gcc/arm-none-eabi/11.3.1/../../../../arm-none-eabi/lib/thumb/v7e-m+fp/hard/libc_nano.a(libc_a-errno.o)
                              ./Core/Src/syscalls.o (__errno)
/Applications/STM32CubeIDE.app/Contents/Eclipse/plugins/com.st.stm32cube.ide.mcu.externaltools.gnu-tools-for-stm32.11.3.rel1.macos64_1.1.1.202309131626/tools/bin/../lib/gcc/arm-none-eabi/11.3.1/../../../../arm-none-eabi/lib/thumb/v7e-m+fp/hard/libc_nano.a(libc_a-init.o)
                              /Applications/STM32CubeIDE.app/Contents/Eclipse/plugins/com.st.stm32cube.ide.mcu.externaltools.gnu-tools-for-stm32.11.3.rel1.macos64_1.1.1.202309131626/tools/bin/../lib/gcc/arm-none-eabi/11.3.1/../../../../arm-none-eabi/lib/thumb/v7e-m+fp/hard/crt0.o (__libc_init_array)
/Applications/STM32CubeIDE.app/Contents/Eclipse/plugins/com.st.stm32cube.ide.mcu.externaltools.gnu-tools-for-stm32.11.3.rel1.macos64_1.1.1.202309131626/tools/bin/../lib/gcc/arm-none-eabi/11.3.1/../../../../arm-none-eabi/lib/thumb/v7e-m+fp/hard/libc_nano.a(libc_a-lock.o)
                              /Applications/STM32CubeIDE.app/Contents/Eclipse/plugins/com.st.stm32cube.ide.mcu.externaltools.gnu-tools-for-stm32.11.3.rel1.macos64_1.1.1.202309131626/tools/bin/../lib/gcc/arm-none-eabi/11.3.1/../../../../arm-none-eabi/lib/thumb/v7e-m+fp/hard/libc_nano.a(libc_a-findfp.o) (__retarget_lock_init_recursive)
/Applications/STM32CubeIDE.app/Contents/Eclipse/plugins/com.st.stm32cube.ide.mcu.externaltools.gnu-tools-for-stm32.11.3.rel1.macos64_1.1.1.202309131626/tools/bin/../lib/gcc/arm-none-eabi/11.3.1/../../../../arm-none-eabi/lib/thumb/v7e-m+fp/hard/libc_nano.a(libc_a-mallocr.o)
[...]
Memory Configuration

Name             Origin             Length             Attributes
RAM              0x0000000020000000 0x0000000000018000 xrw
FLASH            0x0000000008000000 0x0000000000080000 xr
*default*        0x0000000000000000 0xffffffffffffffff

Linker script and memory map

LOAD /Applications/STM32CubeIDE.app/Contents/Eclipse/plugins/com.st.stm32cube.ide.mcu.externaltools.gnu-tools-for-stm32.11.3.rel1.macos64_1.1.1.202309131626/tools/bin/../lib/gcc/arm-none-eabi/11.3.1/thumb/v7e-m+fp/hard/crti.o
LOAD /Applications/STM32CubeIDE.app/Contents/Eclipse/plugins/com.st.stm32cube.ide.mcu.externaltools.gnu-tools-for-stm32.11.3.rel1.macos64_1.1.1.202309131626/tools/bin/../lib/gcc/arm-none-eabi/11.3.1/thumb/v7e-m+fp/hard/crtbegin.o
LOAD /Applications/STM32CubeIDE.app/Contents/Eclipse/plugins/com.st.stm32cube.ide.mcu.externaltools.gnu-tools-for-stm32.11.3.rel1.macos64_1.1.1.202309131626/tools/bin/../lib/gcc/arm-none-eabi/11.3.1/../../../../arm-none-eabi/lib/thumb/v7e-m+fp/hard/crt0.o
LOAD ./Core/Src/main.o
LOAD ./Core/Src/stm32f4xx_hal_msp.o
LOAD ./Core/Src/stm32f4xx_it.o
LOAD ./Core/Src/syscalls.o
LOAD ./Core/Src/sysmem.o
LOAD ./Core/Src/system_stm32f4xx.o
LOAD ./Core/Startup/startup_stm32f401retx.o
LOAD ./Drivers/STM32F4xx_HAL_Driver/Src/stm32f4xx_hal.o
LOAD ./Drivers/STM32F4xx_HAL_Driver/Src/stm32f4xx_hal_cortex.o
LOAD ./Drivers/STM32F4xx_HAL_Driver/Src/stm32f4xx_hal_dma.o
LOAD ./Drivers/STM32F4xx_HAL_Driver/Src/stm32f4xx_hal_dma_ex.o
LOAD ./Drivers/STM32F4xx_HAL_Driver/Src/stm32f4xx_hal_exti.o
LOAD ./Drivers/STM32F4xx_HAL_Driver/Src/stm32f4xx_hal_flash.o
LOAD ./Drivers/STM32F4xx_HAL_Driver/Src/stm32f4xx_hal_flash_ex.o
LOAD ./Drivers/STM32F4xx_HAL_Driver/Src/stm32f4xx_hal_flash_ramfunc.o
LOAD ./Drivers/STM32F4xx_HAL_Driver/Src/stm32f4xx_hal_gpio.o
LOAD ./Drivers/STM32F4xx_HAL_Driver/Src/stm32f4xx_hal_pwr.o
LOAD ./Drivers/STM32F4xx_HAL_Driver/Src/stm32f4xx_hal_pwr_ex.o
LOAD ./Drivers/STM32F4xx_HAL_Driver/Src/stm32f4xx_hal_rcc.o
LOAD ./Drivers/STM32F4xx_HAL_Driver/Src/stm32f4xx_hal_rcc_ex.o
LOAD ./Drivers/STM32F4xx_HAL_Driver/Src/stm32f4xx_hal_spi.o
LOAD ./Drivers/STM32F4xx_HAL_Driver/Src/stm32f4xx_hal_tim.o
LOAD ./Drivers/STM32F4xx_HAL_Driver/Src/stm32f4xx_hal_tim_ex.o
LOAD ./Drivers/STM32F4xx_HAL_Driver/Src/stm32f4xx_hal_uart.o
START GROUP
LOAD /Applications/STM32CubeIDE.app/Contents/Eclipse/plugins/com.st.stm32cube.ide.mcu.externaltools.gnu-tools-for-stm32.11.3.rel1.macos64_1.1.1.202309131626/tools/bin/../lib/gcc/arm-none-eabi/11.3.1/../../../../arm-none-eabi/lib/thumb/v7e-m+fp/hard/libc_nano.a
LOAD /Applications/STM32CubeIDE.app/Contents/Eclipse/plugins/com.st.stm32cube.ide.mcu.externaltools.gnu-tools-for-stm32.11.3.rel1.macos64_1.1.1.202309131626/tools/bin/../lib/gcc/arm-none-eabi/11.3.1/../../../../arm-none-eabi/lib/thumb/v7e-m+fp/hard/libm.a
END GROUP
START GROUP
LOAD /Applications/STM32CubeIDE.app/Contents/Eclipse/plugins/com.st.stm32cube.ide.mcu.externaltools.gnu-tools-for-stm32.11.3.rel1.macos64_1.1.1.202309131626/tools/bin/../lib/gcc/arm-none-eabi/11.3.1/thumb/v7e-m+fp/hard/libgcc.a
LOAD /Applications/STM32CubeIDE.app/Contents/Eclipse/plugins/com.st.stm32cube.ide.mcu.externaltools.gnu-tools-for-stm32.11.3.rel1.macos64_1.1.1.202309131626/tools/bin/../lib/gcc/arm-none-eabi/11.3.1/../../../../arm-none-eabi/lib/thumb/v7e-m+fp/hard/libc_nano.a
END GROUP
START GROUP
LOAD /Applications/STM32CubeIDE.app/Contents/Eclipse/plugins/com.st.stm32cube.ide.mcu.externaltools.gnu-tools-for-stm32.11.3.rel1.macos64_1.1.1.202309131626/tools/bin/../lib/gcc/arm-none-eabi/11.3.1/thumb/v7e-m+fp/hard/libgcc.a
LOAD /Applications/STM32CubeIDE.app/Contents/Eclipse/plugins/com.st.stm32cube.ide.mcu.externaltools.gnu-tools-for-stm32.11.3.rel1.macos64_1.1.1.202309131626/tools/bin/../lib/gcc/arm-none-eabi/11.3.1/../../../../arm-none-eabi/lib/thumb/v7e-m+fp/hard/libc_nano.a
LOAD /Applications/STM32CubeIDE.app/Contents/Eclipse/plugins/com.st.stm32cube.ide.mcu.externaltools.gnu-tools-for-stm32.11.3.rel1.macos64_1.1.1.202309131626/tools/bin/../lib/gcc/arm-none-eabi/11.3.1/../../../../arm-none-eabi/lib/thumb/v7e-m+fp/hard/libnosys.a
END GROUP
START GROUP
LOAD /Applications/STM32CubeIDE.app/Contents/Eclipse/plugins/com.st.stm32cube.ide.mcu.externaltools.gnu-tools-for-stm32.11.3.rel1.macos64_1.1.1.202309131626/tools/bin/../lib/gcc/arm-none-eabi/11.3.1/thumb/v7e-m+fp/hard/libgcc.a
LOAD /Applications/STM32CubeIDE.app/Contents/Eclipse/plugins/com.st.stm32cube.ide.mcu.externaltools.gnu-tools-for-stm32.11.3.rel1.macos64_1.1.1.202309131626/tools/bin/../lib/gcc/arm-none-eabi/11.3.1/../../../../arm-none-eabi/lib/thumb/v7e-m+fp/hard/libc_nano.a
LOAD /Applications/STM32CubeIDE.app/Contents/Eclipse/plugins/com.st.stm32cube.ide.mcu.externaltools.gnu-tools-for-stm32.11.3.rel1.macos64_1.1.1.202309131626/tools/bin/../lib/gcc/arm-none-eabi/11.3.1/../../../../arm-none-eabi/lib/thumb/v7e-m+fp/hard/libnosys.a
END GROUP
LOAD /Applications/STM32CubeIDE.app/Contents/Eclipse/plugins/com.st.stm32cube.ide.mcu.externaltools.gnu-tools-for-stm32.11.3.rel1.macos64_1.1.1.202309131626/tools/bin/../lib/gcc/arm-none-eabi/11.3.1/thumb/v7e-m+fp/hard/crtend.o
LOAD /Applications/STM32CubeIDE.app/Contents/Eclipse/plugins/com.st.stm32cube.ide.mcu.externaltools.gnu-tools-for-stm32.11.3.rel1.macos64_1.1.1.202309131626/tools/bin/../lib/gcc/arm-none-eabi/11.3.1/thumb/v7e-m+fp/hard/crtn.o
                0x0000000020018000                _estack = (ORIGIN (RAM) + LENGTH (RAM))
                0x0000000000000200                _Min_Heap_Size = 0x200
                0x0000000000000400                _Min_Stack_Size = 0x400

.isr_vector     0x0000000008000000      0x194
                0x0000000008000000                . = ALIGN (0x4)
 *(.isr_vector)
 .isr_vector    0x0000000008000000      0x194 ./Core/Startup/startup_stm32f401retx.o
                0x0000000008000000                g_pfnVectors
                0x0000000008000194                . = ALIGN (0x4)

.text           0x0000000008000194     0x50f4
                0x0000000008000194                . = ALIGN (0x4)
 *(.text)
 .text          0x0000000008000194       0x40 /Applications/STM32CubeIDE.app/Contents/Eclipse/plugins/com.st.stm32cube.ide.mcu.externaltools.gnu-tools-for-stm32.11.3.rel1.macos64_1.1.1.202309131626/tools/bin/../lib/gcc/arm-none-eabi/11.3.1/thumb/v7e-m+fp/hard/crtbegin.o
 .text          0x00000000080001d4       0x30 /Applications/STM32CubeIDE.app/Contents/Eclipse/plugins/com.st.stm32cube.ide.mcu.externaltools.gnu-tools-for-stm32.11.3.rel1.macos64_1.1.1.202309131626/tools/bin/../lib/gcc/arm-none-eabi/11.3.1/thumb/v7e-m+fp/hard/libgcc.a(_aeabi_uldivmod.o)
                0x00000000080001d4                __aeabi_uldivmod
 .text          0x0000000008000204      0x2c8 /Applications/STM32CubeIDE.app/Contents/Eclipse/plugins/com.st.stm32cube.ide.mcu.externaltools.gnu-tools-for-stm32.11.3.rel1.macos64_1.1.1.202309131626/tools/bin/../lib/gcc/arm-none-eabi/11.3.1/thumb/v7e-m+fp/hard/libgcc.a(_udivmoddi4.o)
                0x0000000008000204                __udivmoddi4
 .text          0x00000000080004cc        0x4 /Applications/STM32CubeIDE.app/Contents/Eclipse/plugins/com.st.stm32cube.ide.mcu.externaltools.gnu-tools-for-stm32.11.3.rel1.macos64_1.1.1.202309131626/tools/bin/../lib/gcc/arm-none-eabi/11.3.1/thumb/v7e-m+fp/hard/libgcc.a(_dvmd_tls.o)
                0x00000000080004cc                __aeabi_ldiv0
                0x00000000080004cc                __aeabi_idiv0
 *(.text*)
 .text.initCharMAP
                0x00000000080004d0      0x19c ./Core/Src/main.o
                0x00000000080004d0                initCharMAP
 .text.showletter
                0x000000000800066c       0x38 ./Core/Src/main.o
                0x000000000800066c                showletter
 .text.Our_UART_SendByte
                0x00000000080006a4       0xa4 ./Core/Src/main.o
                0x00000000080006a4                Our_UART_SendByte
 .text.HAL_TIM_PeriodElapsedCallback
                0x0000000008000748      0x268 ./Core/Src/main.o
                0x0000000008000748                HAL_TIM_PeriodElapsedCallback
 .text.HAL_SPI_TxCpltCallback
                0x00000000080009b0       0x48 ./Core/Src/main.o
                0x00000000080009b0                HAL_SPI_TxCpltCallback
 .text.HAL_UART_RxCpltCallback
                0x00000000080009f8       0x38 ./Core/Src/main.o
                0x00000000080009f8                HAL_UART_RxCpltCallback
 .text.main     0x0000000008000a30      0x134 ./Core/Src/main.o
                0x0000000008000a30                main
 .text.SystemClock_Config
                0x0000000008000b64       0xd8 ./Core/Src/main.o
                0x0000000008000b64                SystemClock_Config
 .text.MX_SPI1_Init
                0x0000000008000c3c       0x6c ./Core/Src/main.o
 .text.MX_TIM2_Init
                0x0000000008000ca8       0xec ./Core/Src/main.o
 .text.MX_TIM3_Init
                0x0000000008000d94       0x9c ./Core/Src/main.o
 .text.MX_TIM10_Init
                0x0000000008000e30       0x48 ./Core/Src/main.o
 .text.MX_TIM11_Init
                0x0000000008000e78       0x48 ./Core/Src/main.o
 .text.MX_USART1_UART_Init
                0x0000000008000ec0       0x54 ./Core/Src/main.o
 .text.MX_USART2_UART_Init
                0x0000000008000f14       0x54 ./Core/Src/main.o
 .text.MX_DMA_Init
                0x0000000008000f68       0x40 ./Core/Src/main.o
 .text.MX_GPIO_Init
                0x0000000008000fa8      0x104 ./Core/Src/main.o
 .text.Error_Handler
                0x00000000080010ac        0xa ./Core/Src/main.o
                0x00000000080010ac                Error_Handler
 *fill*         0x00000000080010b6        0x2 
 .text.HAL_MspInit
                0x00000000080010b8       0x50 ./Core/Src/stm32f4xx_hal_msp.o
                0x00000000080010b8                HAL_MspInit
 .text.HAL_SPI_MspInit
                0x0000000008001108       0xf4 ./Core/Src/stm32f4xx_hal_msp.o
                0x0000000008001108                HAL_SPI_MspInit
 .text.HAL_TIM_Base_MspInit
                0x00000000080011fc       0xf0 ./Core/Src/stm32f4xx_hal_msp.o
                0x00000000080011fc                HAL_TIM_Base_MspInit
 .text.HAL_TIM_MspPostInit
                0x00000000080012ec       0x70 ./Core/Src/stm32f4xx_hal_msp.o
                0x00000000080012ec                HAL_TIM_MspPostInit
 .text.HAL_UART_MspInit
                0x000000000800135c      0x108 ./Core/Src/stm32f4xx_hal_msp.o
                0x000000000800135c                HAL_UART_MspInit
 .text.NMI_Handler
                0x0000000008001464        0x6 ./Core/Src/stm32f4xx_it.o
                0x0000000008001464                NMI_Handler
 .text.HardFault_Handler
                0x000000000800146a        0x6 ./Core/Src/stm32f4xx_it.o
                0x000000000800146a                HardFault_Handler
 .text.MemManage_Handler
                0x0000000008001470        0x6 ./Core/Src/stm32f4xx_it.o
                0x0000000008001470                MemManage_Handler
 .text.BusFault_Handler
                0x0000000008001476        0x6 ./Core/Src/stm32f4xx_it.o
                0x0000000008001476                BusFault_Handler
 .text.UsageFault_Handler
                0x000000000800147c        0x6 ./Core/Src/stm32f4xx_it.o
                0x000000000800147c                UsageFault_Handler
 .text.SVC_Handler
                0x0000000008001482        0xe ./Core/Src/stm32f4xx_it.o
                0x0000000008001482                SVC_Handler
 .text.DebugMon_Handler
                0x0000000008001490        0xe ./Core/Src/stm32f4xx_it.o
                0x0000000008001490                DebugMon_Handler
 .text.PendSV_Handler
                0x000000000800149e        0xe ./Core/Src/stm32f4xx_it.o
                0x000000000800149e                PendSV_Handler
 .text.SysTick_Handler
                0x00000000080014ac        0xc ./Core/Src/stm32f4xx_it.o
                0x00000000080014ac                SysTick_Handler
 .text.TIM1_UP_TIM10_IRQHandler
                0x00000000080014b8       0x14 ./Core/Src/stm32f4xx_it.o
                0x00000000080014b8                TIM1_UP_TIM10_IRQHandler
 .text.TIM1_TRG_COM_TIM11_IRQHandler
                0x00000000080014cc       0x14 ./Core/Src/stm32f4xx_it.o
                0x00000000080014cc                TIM1_TRG_COM_TIM11_IRQHandler
 .text.TIM3_IRQHandler
                0x00000000080014e0       0x14 ./Core/Src/stm32f4xx_it.o
                0x00000000080014e0                TIM3_IRQHandler
 .text.USART1_IRQHandler
                0x00000000080014f4       0x14 ./Core/Src/stm32f4xx_it.o
                0x00000000080014f4                USART1_IRQHandler
 .text.DMA2_Stream3_IRQHandler
                0x0000000008001508       0x14 ./Core/Src/stm32f4xx_it.o
                0x0000000008001508                DMA2_Stream3_IRQHandler
 .text.SystemInit
                0x000000000800151c       0x24 ./Core/Src/system_stm32f4xx.o
                0x000000000800151c                SystemInit
 .text.Reset_Handler
                0x0000000008001540       0x50 ./Core/Startup/startup_stm32f401retx.o
                0x0000000008001540                Reset_Handler
 .text.Default_Handler
                0x0000000008001590        0x2 ./Core/Startup/startup_stm32f401retx.o
                0x0000000008001590                DMA1_Stream3_IRQHandler
                0x0000000008001590                EXTI2_IRQHandler
                0x0000000008001590                SPI4_IRQHandler
                0x0000000008001590                TIM1_CC_IRQHandler
                0x0000000008001590                DMA2_Stream5_IRQHandler
                0x0000000008001590                DMA1_Stream5_IRQHandler
                0x0000000008001590                PVD_IRQHandler
                0x0000000008001590                SDIO_IRQHandler
                0x0000000008001590                TAMP_STAMP_IRQHandler
                0x0000000008001590                EXTI3_IRQHandler
                0x0000000008001590                I2C3_ER_IRQHandler
                0x0000000008001590                EXTI0_IRQHandler
                0x0000000008001590                I2C2_EV_IRQHandler
                0x0000000008001590                DMA1_Stream2_IRQHandler
                0x0000000008001590                FPU_IRQHandler
                0x0000000008001590                DMA2_Stream2_IRQHandler
                0x0000000008001590                SPI1_IRQHandler
                0x0000000008001590                TIM1_BRK_TIM9_IRQHandler
                0x0000000008001590                USART6_IRQHandler
                0x0000000008001590                DMA2_Stream0_IRQHandler
                0x0000000008001590                TIM4_IRQHandler
                0x0000000008001590                I2C1_EV_IRQHandler
                0x0000000008001590                DMA1_Stream6_IRQHandler
                0x0000000008001590                DMA1_Stream1_IRQHandler
                0x0000000008001590                RCC_IRQHandler
                0x0000000008001590                Default_Handler
                0x0000000008001590                EXTI15_10_IRQHandler
                0x0000000008001590                ADC_IRQHandler
                0x0000000008001590                DMA1_Stream7_IRQHandler
                0x0000000008001590                TIM5_IRQHandler
                0x0000000008001590                DMA2_Stream7_IRQHandler
                0x0000000008001590                I2C3_EV_IRQHandler
                0x0000000008001590                EXTI9_5_IRQHandler
                0x0000000008001590                RTC_WKUP_IRQHandler
                0x0000000008001590                SPI2_IRQHandler
                0x0000000008001590                DMA1_Stream0_IRQHandler
                0x0000000008001590                EXTI4_IRQHandler
                0x0000000008001590                WWDG_IRQHandler
                0x0000000008001590                TIM2_IRQHandler
                0x0000000008001590                OTG_FS_WKUP_IRQHandler
                0x0000000008001590                EXTI1_IRQHandler
                0x0000000008001590                USART2_IRQHandler
                0x0000000008001590                I2C2_ER_IRQHandler
                0x0000000008001590                DMA2_Stream1_IRQHandler
                0x0000000008001590                FLASH_IRQHandler
                0x0000000008001590                DMA2_Stream4_IRQHandler
                0x0000000008001590                OTG_FS_IRQHandler
                0x0000000008001590                SPI3_IRQHandler
                0x0000000008001590                DMA1_Stream4_IRQHandler
                0x0000000008001590                I2C1_ER_IRQHandler
                0x0000000008001590                DMA2_Stream6_IRQHandler
                0x0000000008001590                RTC_Alarm_IRQHandler
 *fill*         0x0000000008001592        0x2 
 .text.HAL_Init
                0x0000000008001594       0x44 ./Drivers/STM32F4xx_HAL_Driver/Src/stm32f4xx_hal.o
                0x0000000008001594                HAL_Init
 .text.HAL_InitTick
                0x00000000080015d8       0x60 ./Drivers/STM32F4xx_HAL_Driver/Src/stm32f4xx_hal.o
                0x00000000080015d8                HAL_InitTick
 .text.HAL_IncTick
                0x0000000008001638       0x28 ./Drivers/STM32F4xx_HAL_Driver/Src/stm32f4xx_hal.o
                0x0000000008001638                HAL_IncTick
 .text.HAL_GetTick
                0x0000000008001660       0x18 ./Drivers/STM32F4xx_HAL_Driver/Src/stm32f4xx_hal.o
                0x0000000008001660                HAL_GetTick
 .text.__NVIC_SetPriorityGrouping
                0x0000000008001678       0x48 ./Drivers/STM32F4xx_HAL_Driver/Src/stm32f4xx_hal_cortex.o
 .text.__NVIC_GetPriorityGrouping
                0x00000000080016c0       0x1c ./Drivers/STM32F4xx_HAL_Driver/Src/stm32f4xx_hal_cortex.o
 .text.__NVIC_EnableIRQ
                0x00000000080016dc       0x3c ./Drivers/STM32F4xx_HAL_Driver/Src/stm32f4xx_hal_cortex.o
 .text.__NVIC_SetPriority
                0x0000000008001718       0x54 ./Drivers/STM32F4xx_HAL_Driver/Src/stm32f4xx_hal_cortex.o
 .text.NVIC_EncodePriority
                0x000000000800176c       0x66 ./Drivers/STM32F4xx_HAL_Driver/Src/stm32f4xx_hal_cortex.o
 *fill*         0x00000000080017d2        0x2 
 .text.SysTick_Config
                0x00000000080017d4       0x44 ./Drivers/STM32F4xx_HAL_Driver/Src/stm32f4xx_hal_cortex.o
 .text.HAL_NVIC_SetPriorityGrouping
                0x0000000008001818       0x16 ./Drivers/STM32F4xx_HAL_Driver/Src/stm32f4xx_hal_cortex.o
                0x0000000008001818                HAL_NVIC_SetPriorityGrouping
 .text.HAL_NVIC_SetPriority
                0x000000000800182e       0x38 ./Drivers/STM32F4xx_HAL_Driver/Src/stm32f4xx_hal_cortex.o
                0x000000000800182e                HAL_NVIC_SetPriority
 .text.HAL_NVIC_EnableIRQ
                0x0000000008001866       0x1c ./Drivers/STM32F4xx_HAL_Driver/Src/stm32f4xx_hal_cortex.o
                0x0000000008001866                HAL_NVIC_EnableIRQ
 .text.HAL_SYSTICK_Config
                0x0000000008001882       0x18 ./Drivers/STM32F4xx_HAL_Driver/Src/stm32f4xx_hal_cortex.o
                0x0000000008001882                HAL_SYSTICK_Config
 *fill*         0x000000000800189a        0x2 
 .text.HAL_DMA_Init
                0x000000000800189c      0x15c ./Drivers/STM32F4xx_HAL_Driver/Src/stm32f4xx_hal_dma.o
                0x000000000800189c                HAL_DMA_Init
 .text.HAL_DMA_Start_IT
                0x00000000080019f8       0xb0 ./Drivers/STM32F4xx_HAL_Driver/Src/stm32f4xx_hal_dma.o
                0x00000000080019f8                HAL_DMA_Start_IT
 .text.HAL_DMA_Abort
                0x0000000008001aa8       0xe0 ./Drivers/STM32F4xx_HAL_Driver/Src/stm32f4xx_hal_dma.o
                0x0000000008001aa8                HAL_DMA_Abort
 .text.HAL_DMA_Abort_IT
                0x0000000008001b88       0x44 ./Drivers/STM32F4xx_HAL_Driver/Src/stm32f4xx_hal_dma.o
                0x0000000008001b88                HAL_DMA_Abort_IT
 .text.HAL_DMA_IRQHandler
                0x0000000008001bcc      0x314 ./Drivers/STM32F4xx_HAL_Driver/Src/stm32f4xx_hal_dma.o
                0x0000000008001bcc                HAL_DMA_IRQHandler
 .text.DMA_SetConfig
                0x0000000008001ee0       0x5c ./Drivers/STM32F4xx_HAL_Driver/Src/stm32f4xx_hal_dma.o
 .text.DMA_CalcBaseAndBitshift
                0x0000000008001f3c       0x6c ./Drivers/STM32F4xx_HAL_Driver/Src/stm32f4xx_hal_dma.o
 .text.DMA_CheckFifoParam
                0x0000000008001fa8       0xf8 ./Drivers/STM32F4xx_HAL_Driver/Src/stm32f4xx_hal_dma.o
 .text.HAL_GPIO_Init
                0x00000000080020a0      0x308 ./Drivers/STM32F4xx_HAL_Driver/Src/stm32f4xx_hal_gpio.o
                0x00000000080020a0                HAL_GPIO_Init
 .text.HAL_GPIO_ReadPin
                0x00000000080023a8       0x30 ./Drivers/STM32F4xx_HAL_Driver/Src/stm32f4xx_hal_gpio.o
                0x00000000080023a8                HAL_GPIO_ReadPin
 .text.HAL_GPIO_WritePin
                0x00000000080023d8       0x32 ./Drivers/STM32F4xx_HAL_Driver/Src/stm32f4xx_hal_gpio.o
                0x00000000080023d8                HAL_GPIO_WritePin
 *fill*         0x000000000800240a        0x2 
 .text.HAL_RCC_OscConfig
                0x000000000800240c      0x4f0 ./Drivers/STM32F4xx_HAL_Driver/Src/stm32f4xx_hal_rcc.o
                0x000000000800240c                HAL_RCC_OscConfig
 .text.HAL_RCC_ClockConfig
                0x00000000080028fc      0x1cc ./Drivers/STM32F4xx_HAL_Driver/Src/stm32f4xx_hal_rcc.o
                0x00000000080028fc                HAL_RCC_ClockConfig
 .text.HAL_RCC_GetSysClockFreq
                0x0000000008002ac8      0x20c ./Drivers/STM32F4xx_HAL_Driver/Src/stm32f4xx_hal_rcc.o
                0x0000000008002ac8                HAL_RCC_GetSysClockFreq
 .text.HAL_RCC_GetHCLKFreq
                0x0000000008002cd4       0x18 ./Drivers/STM32F4xx_HAL_Driver/Src/stm32f4xx_hal_rcc.o
                0x0000000008002cd4                HAL_RCC_GetHCLKFreq
 .text.HAL_RCC_GetPCLK1Freq
                0x0000000008002cec       0x28 ./Drivers/STM32F4xx_HAL_Driver/Src/stm32f4xx_hal_rcc.o
                0x0000000008002cec                HAL_RCC_GetPCLK1Freq
 .text.HAL_RCC_GetPCLK2Freq
                0x0000000008002d14       0x28 ./Drivers/STM32F4xx_HAL_Driver/Src/stm32f4xx_hal_rcc.o
                0x0000000008002d14                HAL_RCC_GetPCLK2Freq
 .text.HAL_SPI_Init
                0x0000000008002d3c      0x112 ./Drivers/STM32F4xx_HAL_Driver/Src/stm32f4xx_hal_spi.o
                0x0000000008002d3c                HAL_SPI_Init
 *fill*         0x0000000008002e4e        0x2 
 .text.HAL_SPI_Transmit_DMA
                0x0000000008002e50      0x16c ./Drivers/STM32F4xx_HAL_Driver/Src/stm32f4xx_hal_spi.o
                0x0000000008002e50                HAL_SPI_Transmit_DMA
 .text.HAL_SPI_TxHalfCpltCallback
                0x0000000008002fbc       0x14 ./Drivers/STM32F4xx_HAL_Driver/Src/stm32f4xx_hal_spi.o
                0x0000000008002fbc                HAL_SPI_TxHalfCpltCallback
 .text.HAL_SPI_ErrorCallback
                0x0000000008002fd0       0x14 ./Drivers/STM32F4xx_HAL_Driver/Src/stm32f4xx_hal_spi.o
                0x0000000008002fd0                HAL_SPI_ErrorCallback
 .text.SPI_DMATransmitCplt
                0x0000000008002fe4       0xa8 ./Drivers/STM32F4xx_HAL_Driver/Src/stm32f4xx_hal_spi.o
 .text.SPI_DMAHalfTransmitCplt
                0x000000000800308c       0x1c ./Drivers/STM32F4xx_HAL_Driver/Src/stm32f4xx_hal_spi.o
 .text.SPI_DMAError
                0x00000000080030a8       0x40 ./Drivers/STM32F4xx_HAL_Driver/Src/stm32f4xx_hal_spi.o
 .text.SPI_WaitFlagStateUntilTimeout
                0x00000000080030e8      0x110 ./Drivers/STM32F4xx_HAL_Driver/Src/stm32f4xx_hal_spi.o
 .text.SPI_EndRxTxTransaction
                0x00000000080031f8       0x84 ./Drivers/STM32F4xx_HAL_Driver/Src/stm32f4xx_hal_spi.o
 .text.HAL_TIM_Base_Init
                0x000000000800327c       0x9e ./Drivers/STM32F4xx_HAL_Driver/Src/stm32f4xx_hal_tim.o
                0x000000000800327c                HAL_TIM_Base_Init
 *fill*         0x000000000800331a        0x2 
 .text.HAL_TIM_Base_Start_IT
                0x000000000800331c       0xc4 ./Drivers/STM32F4xx_HAL_Driver/Src/stm32f4xx_hal_tim.o
                0x000000000800331c                HAL_TIM_Base_Start_IT
 .text.HAL_TIM_Base_Stop_IT
                0x00000000080033e0       0x5e ./Drivers/STM32F4xx_HAL_Driver/Src/stm32f4xx_hal_tim.o
                0x00000000080033e0                HAL_TIM_Base_Stop_IT
 .text.HAL_TIM_PWM_Init
                0x000000000800343e       0x9e ./Drivers/STM32F4xx_HAL_Driver/Src/stm32f4xx_hal_tim.o
                0x000000000800343e                HAL_TIM_PWM_Init
 .text.HAL_TIM_PWM_MspInit
                0x00000000080034dc       0x14 ./Drivers/STM32F4xx_HAL_Driver/Src/stm32f4xx_hal_tim.o
                0x00000000080034dc                HAL_TIM_PWM_MspInit
 .text.HAL_TIM_PWM_Start
                0x00000000080034f0      0x160 ./Drivers/STM32F4xx_HAL_Driver/Src/stm32f4xx_hal_tim.o
                0x00000000080034f0                HAL_TIM_PWM_Start
 .text.HAL_TIM_PWM_Stop
                0x0000000008003650       0xc8 ./Drivers/STM32F4xx_HAL_Driver/Src/stm32f4xx_hal_tim.o
                0x0000000008003650                HAL_TIM_PWM_Stop
 .text.HAL_TIM_IRQHandler
                0x0000000008003718      0x210 ./Drivers/STM32F4xx_HAL_Driver/Src/stm32f4xx_hal_tim.o
                0x0000000008003718                HAL_TIM_IRQHandler
 .text.HAL_TIM_PWM_ConfigChannel
                0x0000000008003928      0x184 ./Drivers/STM32F4xx_HAL_Driver/Src/stm32f4xx_hal_tim.o
                0x0000000008003928                HAL_TIM_PWM_ConfigChannel
 .text.HAL_TIM_ConfigClockSource
                0x0000000008003aac      0x18e ./Drivers/STM32F4xx_HAL_Driver/Src/stm32f4xx_hal_tim.o
                0x0000000008003aac                HAL_TIM_ConfigClockSource
 .text.HAL_TIM_OC_DelayElapsedCallback
                0x0000000008003c3a       0x14 ./Drivers/STM32F4xx_HAL_Driver/Src/stm32f4xx_hal_tim.o
                0x0000000008003c3a                HAL_TIM_OC_DelayElapsedCallback
 .text.HAL_TIM_IC_CaptureCallback
                0x0000000008003c4e       0x14 ./Drivers/STM32F4xx_HAL_Driver/Src/stm32f4xx_hal_tim.o
                0x0000000008003c4e                HAL_TIM_IC_CaptureCallback
 .text.HAL_TIM_PWM_PulseFinishedCallback
                0x0000000008003c62       0x14 ./Drivers/STM32F4xx_HAL_Driver/Src/stm32f4xx_hal_tim.o
                0x0000000008003c62                HAL_TIM_PWM_PulseFinishedCallback
 .text.HAL_TIM_TriggerCallback
                0x0000000008003c76       0x14 ./Drivers/STM32F4xx_HAL_Driver/Src/stm32f4xx_hal_tim.o
                0x0000000008003c76                HAL_TIM_TriggerCallback
 *fill*         0x0000000008003c8a        0x2 
 .text.TIM_Base_SetConfig
                0x0000000008003c8c      0x100 ./Drivers/STM32F4xx_HAL_Driver/Src/stm32f4xx_hal_tim.o
                0x0000000008003c8c                TIM_Base_SetConfig
 .text.TIM_OC1_SetConfig
                0x0000000008003d8c       0xcc ./Drivers/STM32F4xx_HAL_Driver/Src/stm32f4xx_hal_tim.o
 .text.TIM_OC2_SetConfig
                0x0000000008003e58       0xd8 ./Drivers/STM32F4xx_HAL_Driver/Src/stm32f4xx_hal_tim.o
                0x0000000008003e58                TIM_OC2_SetConfig
 .text.TIM_OC3_SetConfig
                0x0000000008003f30       0xd4 ./Drivers/STM32F4xx_HAL_Driver/Src/stm32f4xx_hal_tim.o
 .text.TIM_OC4_SetConfig
                0x0000000008004004       0xa0 ./Drivers/STM32F4xx_HAL_Driver/Src/stm32f4xx_hal_tim.o
 .text.TIM_TI1_ConfigInputStage
                0x00000000080040a4       0x5e ./Drivers/STM32F4xx_HAL_Driver/Src/stm32f4xx_hal_tim.o
 .text.TIM_TI2_ConfigInputStage
                0x0000000008004102       0x60 ./Drivers/STM32F4xx_HAL_Driver/Src/stm32f4xx_hal_tim.o
 .text.TIM_ITRx_SetConfig
                0x0000000008004162       0x36 ./Drivers/STM32F4xx_HAL_Driver/Src/stm32f4xx_hal_tim.o
 .text.TIM_ETR_SetConfig
                0x0000000008004198       0x40 ./Drivers/STM32F4xx_HAL_Driver/Src/stm32f4xx_hal_tim.o
                0x0000000008004198                TIM_ETR_SetConfig
 .text.TIM_CCxChannelCmd
                0x00000000080041d8       0x4a ./Drivers/STM32F4xx_HAL_Driver/Src/stm32f4xx_hal_tim.o
                0x00000000080041d8                TIM_CCxChannelCmd
 *fill*         0x0000000008004222        0x2 
 .text.HAL_TIMEx_MasterConfigSynchronization
                0x0000000008004224       0xdc ./Drivers/STM32F4xx_HAL_Driver/Src/stm32f4xx_hal_tim_ex.o
                0x0000000008004224                HAL_TIMEx_MasterConfigSynchronization
 .text.HAL_TIMEx_CommutCallback
                0x0000000008004300       0x14 ./Drivers/STM32F4xx_HAL_Driver/Src/stm32f4xx_hal_tim_ex.o
                0x0000000008004300                HAL_TIMEx_CommutCallback
 .text.HAL_TIMEx_BreakCallback
                0x0000000008004314       0x14 ./Drivers/STM32F4xx_HAL_Driver/Src/stm32f4xx_hal_tim_ex.o
                0x0000000008004314                HAL_TIMEx_BreakCallback
 .text.HAL_UART_Init
                0x0000000008004328       0x9a ./Drivers/STM32F4xx_HAL_Driver/Src/stm32f4xx_hal_uart.o
                0x0000000008004328                HAL_UART_Init
 .text.HAL_UART_Receive_IT
                0x00000000080043c2       0x60 ./Drivers/STM32F4xx_HAL_Driver/Src/stm32f4xx_hal_uart.o
                0x00000000080043c2                HAL_UART_Receive_IT
 *fill*         0x0000000008004422        0x2 
 .text.HAL_UART_IRQHandler
                0x0000000008004424      0x51c ./Drivers/STM32F4xx_HAL_Driver/Src/stm32f4xx_hal_uart.o
                0x0000000008004424                HAL_UART_IRQHandler
 .text.HAL_UART_TxCpltCallback
                0x0000000008004940       0x14 ./Drivers/STM32F4xx_HAL_Driver/Src/stm32f4xx_hal_uart.o
                0x0000000008004940                HAL_UART_TxCpltCallback
 .text.HAL_UART_ErrorCallback
                0x0000000008004954       0x14 ./Drivers/STM32F4xx_HAL_Driver/Src/stm32f4xx_hal_uart.o
                0x0000000008004954                HAL_UART_ErrorCallback
 .text.HAL_UARTEx_RxEventCallback
                0x0000000008004968       0x18 ./Drivers/STM32F4xx_HAL_Driver/Src/stm32f4xx_hal_uart.o
                0x0000000008004968                HAL_UARTEx_RxEventCallback
 .text.UART_Start_Receive_IT
                0x0000000008004980       0x7c ./Drivers/STM32F4xx_HAL_Driver/Src/stm32f4xx_hal_uart.o
                0x0000000008004980                UART_Start_Receive_IT
 .text.UART_EndRxTransfer
                0x00000000080049fc       0xc6 ./Drivers/STM32F4xx_HAL_Driver/Src/stm32f4xx_hal_uart.o
 .text.UART_DMAAbortOnError
                0x0000000008004ac2       0x28 ./Drivers/STM32F4xx_HAL_Driver/Src/stm32f4xx_hal_uart.o
 .text.UART_Transmit_IT
                0x0000000008004aea       0xa0 ./Drivers/STM32F4xx_HAL_Driver/Src/stm32f4xx_hal_uart.o
 .text.UART_EndTransmit_IT
                0x0000000008004b8a       0x30 ./Drivers/STM32F4xx_HAL_Driver/Src/stm32f4xx_hal_uart.o
 .text.UART_Receive_IT
                0x0000000008004bba      0x176 ./Drivers/STM32F4xx_HAL_Driver/Src/stm32f4xx_hal_uart.o
 .text.UART_SetConfig
                0x0000000008004d30      0x4e8 ./Drivers/STM32F4xx_HAL_Driver/Src/stm32f4xx_hal_uart.o
 .text.memset   0x0000000008005218       0x10 /Applications/STM32CubeIDE.app/Contents/Eclipse/plugins/com.st.stm32cube.ide.mcu.externaltools.gnu-tools-for-stm32.11.3.rel1.macos64_1.1.1.202309131626/tools/bin/../lib/gcc/arm-none-eabi/11.3.1/../../../../arm-none-eabi/lib/thumb/v7e-m+fp/hard/libc_nano.a(libc_a-memset.o)
                0x0000000008005218                memset
 .text.__libc_init_array
                0x0000000008005228       0x48 /Applications/STM32CubeIDE.app/Contents/Eclipse/plugins/com.st.stm32cube.ide.mcu.externaltools.gnu-tools-for-stm32.11.3.rel1.macos64_1.1.1.202309131626/tools/bin/../lib/gcc/arm-none-eabi/11.3.1/../../../../arm-none-eabi/lib/thumb/v7e-m+fp/hard/libc_nano.a(libc_a-init.o)
                0x0000000008005228                __libc_init_array
 *(.glue_7)
 .glue_7        0x0000000008005270        0x0 linker stubs
 *(.glue_7t)
 .glue_7t       0x0000000008005270        0x0 linker stubs
 *(.eh_frame)
 .eh_frame      0x0000000008005270        0x0 /Applications/STM32CubeIDE.app/Contents/Eclipse/plugins/com.st.stm32cube.ide.mcu.externaltools.gnu-tools-for-stm32.11.3.rel1.macos64_1.1.1.202309131626/tools/bin/../lib/gcc/arm-none-eabi/11.3.1/thumb/v7e-m+fp/hard/crtbegin.o
 *(.init)
 .init          0x0000000008005270        0x4 /Applications/STM32CubeIDE.app/Contents/Eclipse/plugins/com.st.stm32cube.ide.mcu.externaltools.gnu-tools-for-stm32.11.3.rel1.macos64_1.1.1.202309131626/tools/bin/../lib/gcc/arm-none-eabi/11.3.1/thumb/v7e-m+fp/hard/crti.o
                0x0000000008005270                _init
 .init          0x0000000008005274        0x8 /Applications/STM32CubeIDE.app/Contents/Eclipse/plugins/com.st.stm32cube.ide.mcu.externaltools.gnu-tools-for-stm32.11.3.rel1.macos64_1.1.1.202309131626/tools/bin/../lib/gcc/arm-none-eabi/11.3.1/thumb/v7e-m+fp/hard/crtn.o
 *(.fini)
 .fini          0x000000000800527c        0x4 /Applications/STM32CubeIDE.app/Contents/Eclipse/plugins/com.st.stm32cube.ide.mcu.externaltools.gnu-tools-for-stm32.11.3.rel1.macos64_1.1.1.202309131626/tools/bin/../lib/gcc/arm-none-eabi/11.3.1/thumb/v7e-m+fp/hard/crti.o
                0x000000000800527c                _fini
 .fini          0x0000000008005280        0x8 /Applications/STM32CubeIDE.app/Contents/Eclipse/plugins/com.st.stm32cube.ide.mcu.externaltools.gnu-tools-for-stm32.11.3.rel1.macos64_1.1.1.202309131626/tools/bin/../lib/gcc/arm-none-eabi/11.3.1/thumb/v7e-m+fp/hard/crtn.o
                0x0000000008005288                . = ALIGN (0x4)
                0x0000000008005288                _etext = .

.vfp11_veneer   0x0000000008005288        0x0
 .vfp11_veneer  0x0000000008005288        0x0 linker stubs

.v4_bx          0x0000000008005288        0x0
 .v4_bx         0x0000000008005288        0x0 linker stubs

.iplt           0x0000000008005288        0x0
 .iplt          0x0000000008005288        0x0 /Applications/STM32CubeIDE.app/Contents/Eclipse/plugins/com.st.stm32cube.ide.mcu.externaltools.gnu-tools-for-stm32.11.3.rel1.macos64_1.1.1.202309131626/tools/bin/../lib/gcc/arm-none-eabi/11.3.1/thumb/v7e-m+fp/hard/crtbegin.o

.rodata         0x0000000008005288       0x20
                0x0000000008005288                . = ALIGN (0x4)
 *(.rodata)
 *(.rodata*)
 .rodata.AHBPrescTable
                0x0000000008005288       0x10 ./Core/Src/system_stm32f4xx.o
                0x0000000008005288                AHBPrescTable
 .rodata.APBPrescTable
                0x0000000008005298        0x8 ./Core/Src/system_stm32f4xx.o
                0x0000000008005298                APBPrescTable
 .rodata.flagBitshiftOffset.0
                0x00000000080052a0        0x8 ./Drivers/STM32F4xx_HAL_Driver/Src/stm32f4xx_hal_dma.o
                0x00000000080052a8                . = ALIGN (0x4)

.ARM.extab      0x00000000080052a8        0x0
                0x00000000080052a8                . = ALIGN (0x4)
 *(.ARM.extab* .gnu.linkonce.armextab.*)
                0x00000000080052a8                . = ALIGN (0x4)

.ARM            0x00000000080052a8        0x8
                0x00000000080052a8                . = ALIGN (0x4)
                0x00000000080052a8                __exidx_start = .
 *(.ARM.exidx*)
 .ARM.exidx     0x00000000080052a8        0x8 /Applications/STM32CubeIDE.app/Contents/Eclipse/plugins/com.st.stm32cube.ide.mcu.externaltools.gnu-tools-for-stm32.11.3.rel1.macos64_1.1.1.202309131626/tools/bin/../lib/gcc/arm-none-eabi/11.3.1/thumb/v7e-m+fp/hard/libgcc.a(_udivmoddi4.o)
                0x00000000080052b0                __exidx_end = .
                0x00000000080052b0                . = ALIGN (0x4)

.rel.dyn        0x00000000080052b0        0x0
 .rel.iplt      0x00000000080052b0        0x0 /Applications/STM32CubeIDE.app/Contents/Eclipse/plugins/com.st.stm32cube.ide.mcu.externaltools.gnu-tools-for-stm32.11.3.rel1.macos64_1.1.1.202309131626/tools/bin/../lib/gcc/arm-none-eabi/11.3.1/thumb/v7e-m+fp/hard/crtbegin.o

.preinit_array  0x00000000080052b0        0x0
                0x00000000080052b0                . = ALIGN (0x4)
                0x00000000080052b0                PROVIDE (__preinit_array_start = .)
 *(.preinit_array*)
                0x00000000080052b0                PROVIDE (__preinit_array_end = .)
                0x00000000080052b0                . = ALIGN (0x4)

.init_array     0x00000000080052b0        0x4
                0x00000000080052b0                . = ALIGN (0x4)
                0x00000000080052b0                PROVIDE (__init_array_start = .)
 *(SORT_BY_NAME(.init_array.*))
 *(.init_array*)
 .init_array    0x00000000080052b0        0x4 /Applications/STM32CubeIDE.app/Contents/Eclipse/plugins/com.st.stm32cube.ide.mcu.externaltools.gnu-tools-for-stm32.11.3.rel1.macos64_1.1.1.202309131626/tools/bin/../lib/gcc/arm-none-eabi/11.3.1/thumb/v7e-m+fp/hard/crtbegin.o
                0x00000000080052b4                PROVIDE (__init_array_end = .)
                0x00000000080052b4                . = ALIGN (0x4)

.fini_array     0x00000000080052b4        0x4
                0x00000000080052b4                . = ALIGN (0x4)
                [!provide]                        PROVIDE (__fini_array_start = .)
 *(SORT_BY_NAME(.fini_array.*))
 *(.fini_array*)
 .fini_array    0x00000000080052b4        0x4 /Applications/STM32CubeIDE.app/Contents/Eclipse/plugins/com.st.stm32cube.ide.mcu.externaltools.gnu-tools-for-stm32.11.3.rel1.macos64_1.1.1.202309131626/tools/bin/../lib/gcc/arm-none-eabi/11.3.1/thumb/v7e-m+fp/hard/crtbegin.o
                [!provide]                        PROVIDE (__fini_array_end = .)
                0x00000000080052b8                . = ALIGN (0x4)
                0x00000000080052b8                _sidata = LOADADDR (.data)

.data           0x0000000020000000       0xf8 load address 0x00000000080052b8
                0x0000000020000000                . = ALIGN (0x4)
                0x0000000020000000                _sdata = .
 *(.data)
 *(.data*)
 .data.one      0x0000000020000000        0xa ./Core/Src/main.o
                0x0000000020000000                one
 *fill*         0x000000002000000a        0x2 
 .data.two      0x000000002000000c        0xa ./Core/Src/main.o
                0x000000002000000c                two
 *fill*         0x0000000020000016        0x2 
 .data.three    0x0000000020000018        0xa ./Core/Src/main.o
                0x0000000020000018                three
 *fill*         0x0000000020000022        0x2 
 .data.four     0x0000000020000024        0xa ./Core/Src/main.o
                0x0000000020000024                four
 *fill*         0x000000002000002e        0x2 
 .data.five     0x0000000020000030        0xa ./Core/Src/main.o
                0x0000000020000030                five
 *fill*         0x000000002000003a        0x2 
 .data.six      0x000000002000003c        0xa ./Core/Src/main.o
                0x000000002000003c                six
 *fill*         0x0000000020000046        0x2 
 .data.seven    0x0000000020000048        0xa ./Core/Src/main.o
                0x0000000020000048                seven
 *fill*         0x0000000020000052        0x2 
 .data.eight    0x0000000020000054        0xa ./Core/Src/main.o
                0x0000000020000054                eight
 *fill*         0x000000002000005e        0x2 
 .data.nine     0x0000000020000060        0xa ./Core/Src/main.o
                0x0000000020000060                nine
 *fill*         0x000000002000006a        0x2 
 .data.zero     0x000000002000006c        0xa ./Core/Src/main.o
                0x000000002000006c                zero
 *fill*         0x0000000020000076        0x2 
 .data.A        0x0000000020000078        0xa ./Core/Src/main.o
                0x0000000020000078                A
 *fill*         0x0000000020000082        0x2 
 .data.B        0x0000000020000084        0xa ./Core/Src/main.o
                0x0000000020000084                B
 *fill*         0x000000002000008e        0x2 
 .data.C        0x0000000020000090        0xa ./Core/Src/main.o
                0x0000000020000090                C
 *fill*         0x000000002000009a        0x2 
 .data.D        0x000000002000009c        0xa ./Core/Src/main.o
                0x000000002000009c                D
 *fill*         0x00000000200000a6        0x2 
 .data.E        0x00000000200000a8        0xa ./Core/Src/main.o
                0x00000000200000a8                E
 *fill*         0x00000000200000b2        0x2 
 .data.F        0x00000000200000b4        0xa ./Core/Src/main.o
                0x00000000200000b4                F
 *fill*         0x00000000200000be        0x2 
 .data.matrix_QM
                0x00000000200000c0        0xa ./Core/Src/main.o
                0x00000000200000c0                matrix_QM
 *fill*         0x00000000200000ca        0x2 
 .data.matrix   0x00000000200000cc        0xa ./Core/Src/main.o
                0x00000000200000cc                matrix
 *fill*         0x00000000200000d6        0x2 
 .data.map      0x00000000200000d8       0x10 ./Core/Src/main.o
                0x00000000200000d8                map
 .data.new_command
                0x00000000200000e8        0x4 ./Core/Src/main.o
                0x00000000200000e8                new_command
 .data.SystemCoreClock
                0x00000000200000ec        0x4 ./Core/Src/system_stm32f4xx.o
                0x00000000200000ec                SystemCoreClock
 .data.uwTickPrio
                0x00000000200000f0        0x4 ./Drivers/STM32F4xx_HAL_Driver/Src/stm32f4xx_hal.o
                0x00000000200000f0                uwTickPrio
 .data.uwTickFreq
                0x00000000200000f4        0x1 ./Drivers/STM32F4xx_HAL_Driver/Src/stm32f4xx_hal.o
                0x00000000200000f4                uwTickFreq
 *(.RamFunc)
 *(.RamFunc*)
                0x00000000200000f8                . = ALIGN (0x4)
 *fill*         0x00000000200000f5        0x3 
                0x00000000200000f8                _edata = .

.igot.plt       0x00000000200000f8        0x0 load address 0x00000000080053b0
 .igot.plt      0x00000000200000f8        0x0 /Applications/STM32CubeIDE.app/Contents/Eclipse/plugins/com.st.stm32cube.ide.mcu.externaltools.gnu-tools-for-stm32.11.3.rel1.macos64_1.1.1.202309131626/tools/bin/../lib/gcc/arm-none-eabi/11.3.1/thumb/v7e-m+fp/hard/crtbegin.o
                0x00000000200000f8                . = ALIGN (0x4)

.bss            0x00000000200000f8      0xd4c load address 0x00000000080053b0
                0x00000000200000f8                _sbss = .
                0x00000000200000f8                __bss_start__ = _sbss
 *(.bss)
 .bss           0x00000000200000f8       0x1c /Applications/STM32CubeIDE.app/Contents/Eclipse/plugins/com.st.stm32cube.ide.mcu.externaltools.gnu-tools-for-stm32.11.3.rel1.macos64_1.1.1.202309131626/tools/bin/../lib/gcc/arm-none-eabi/11.3.1/thumb/v7e-m+fp/hard/crtbegin.o
 *(.bss*)
 .bss.hspi1     0x0000000020000114       0x58 ./Core/Src/main.o
                0x0000000020000114                hspi1
 .bss.hdma_spi1_tx
                0x000000002000016c       0x60 ./Core/Src/main.o
                0x000000002000016c                hdma_spi1_tx
 .bss.htim2     0x00000000200001cc       0x48 ./Core/Src/main.o
                0x00000000200001cc                htim2
 .bss.htim3     0x0000000020000214       0x48 ./Core/Src/main.o
                0x0000000020000214                htim3
 .bss.htim10    0x000000002000025c       0x48 ./Core/Src/main.o
                0x000000002000025c                htim10
 .bss.htim11    0x00000000200002a4       0x48 ./Core/Src/main.o
                0x00000000200002a4                htim11
 .bss.huart1    0x00000000200002ec       0x44 ./Core/Src/main.o
                0x00000000200002ec                huart1
 .bss.huart2    0x0000000020000330       0x44 ./Core/Src/main.o
                0x0000000020000330                huart2
 .bss.CharMAP   0x0000000020000374      0xa00 ./Core/Src/main.o
                0x0000000020000374                CharMAP
 .bss.bitfinished
                0x0000000020000d74        0x4 ./Core/Src/main.o
                0x0000000020000d74                bitfinished
 .bss.keypress  0x0000000020000d78       0x40 ./Core/Src/main.o
                0x0000000020000d78                keypress
 .bss.ack       0x0000000020000db8       0x40 ./Core/Src/main.o
                0x0000000020000db8                ack
 .bss.column_index
                0x0000000020000df8        0x4 ./Core/Src/main.o
                0x0000000020000df8                column_index
 .bss.debounce_time
                0x0000000020000dfc       0x40 ./Core/Src/main.o
                0x0000000020000dfc                debounce_time
 .bss.Receive_Byte
                0x0000000020000e3c        0x1 ./Core/Src/main.o
                0x0000000020000e3c                Receive_Byte
 .bss.Command   0x0000000020000e3d        0x1 ./Core/Src/main.o
                0x0000000020000e3d                Command
 .bss.column_index_LED
                0x0000000020000e3e        0x1 ./Core/Src/main.o
                0x0000000020000e3e                column_index_LED
 *fill*         0x0000000020000e3f        0x1 
 .bss.uwTick    0x0000000020000e40        0x4 ./Drivers/STM32F4xx_HAL_Driver/Src/stm32f4xx_hal.o
                0x0000000020000e40                uwTick
 *(COMMON)
                0x0000000020000e44                . = ALIGN (0x4)
                0x0000000020000e44                _ebss = .
                0x0000000020000e44                __bss_end__ = _ebss

._user_heap_stack
                0x0000000020000e44      0x604 load address 0x00000000080053b0
                0x0000000020000e48                . = ALIGN (0x8)
 *fill*         0x0000000020000e44        0x4 
                [!provide]                        PROVIDE (end = .)
                0x0000000020000e48                PROVIDE (_end = .)
                0x0000000020001048                . = (. + _Min_Heap_Size)
 *fill*         0x0000000020000e48      0x200 
                0x0000000020001448                . = (. + _Min_Stack_Size)
 *fill*         0x0000000020001048      0x400 
                0x0000000020001448                . = ALIGN (0x8)

/DISCARD/
 libc.a(*)
 libm.a(*)
 libgcc.a(*)

.ARM.attributes
                0x0000000000000000       0x30
 *(.ARM.attributes)
 .ARM.attributes
                0x0000000000000000       0x1e /Applications/STM32CubeIDE.app/Contents/Eclipse/plugins/com.st.stm32cube.ide.mcu.externaltools.gnu-tools-for-stm32.11.3.rel1.macos64_1.1.1.202309131626/tools/bin/../lib/gcc/arm-none-eabi/11.3.1/thumb/v7e-m+fp/hard/crti.o
 .ARM.attributes
                0x000000000000001e       0x34 /Applications/STM32CubeIDE.app/Contents/Eclipse/plugins/com.st.stm32cube.ide.mcu.externaltools.gnu-tools-for-stm32.11.3.rel1.macos64_1.1.1.202309131626/tools/bin/../lib/gcc/arm-none-eabi/11.3.1/thumb/v7e-m+fp/hard/crtbegin.o
 .ARM.attributes
                0x0000000000000052       0x34 ./Core/Src/main.o
 .ARM.attributes
                0x0000000000000086       0x34 ./Core/Src/stm32f4xx_hal_msp.o
 .ARM.attributes
                0x00000000000000ba       0x34 ./Core/Src/stm32f4xx_it.o
 .ARM.attributes
                0x00000000000000ee       0x34 ./Core/Src/system_stm32f4xx.o
 .ARM.attributes
                0x0000000000000122       0x21 ./Core/Startup/startup_stm32f401retx.o
 .ARM.attributes
                0x0000000000000143       0x34 ./Drivers/STM32F4xx_HAL_Driver/Src/stm32f4xx_hal.o
 .ARM.attributes
                0x0000000000000177       0x34 ./Drivers/STM32F4xx_HAL_Driver/Src/stm32f4xx_hal_cortex.o
 .ARM.attributes
                0x00000000000001ab       0x34 ./Drivers/STM32F4xx_HAL_Driver/Src/stm32f4xx_hal_dma.o
 .ARM.attributes
                0x00000000000001df       0x34 ./Drivers/STM32F4xx_HAL_Driver/Src/stm32f4xx_hal_gpio.o
 .ARM.attributes
                0x0000000000000213       0x34 ./Drivers/STM32F4xx_HAL_Driver/Src/stm32f4xx_hal_rcc.o
 .ARM.attributes
                0x0000000000000247       0x34 ./Drivers/STM32F4xx_HAL_Driver/Src/stm32f4xx_hal_spi.o
 .ARM.attributes
                0x000000000000027b       0x34 ./Drivers/STM32F4xx_HAL_Driver/Src/stm32f4xx_hal_tim.o
 .ARM.attributes
                0x00000000000002af       0x34 ./Drivers/STM32F4xx_HAL_Driver/Src/stm32f4xx_hal_tim_ex.o
 .ARM.attributes
                0x00000000000002e3       0x34 ./Drivers/STM32F4xx_HAL_Driver/Src/stm32f4xx_hal_uart.o
 .ARM.attributes
                0x0000000000000317       0x34 /Applications/STM32CubeIDE.app/Contents/Eclipse/plugins/com.st.stm32cube.ide.mcu.externaltools.gnu-tools-for-stm32.11.3.rel1.macos64_1.1.1.202309131626/tools/bin/../lib/gcc/arm-none-eabi/11.3.1/../../../../arm-none-eabi/lib/thumb/v7e-m+fp/hard/libc_nano.a(libc_a-memset.o)
 .ARM.attributes
                0x000000000000034b       0x34 /Applications/STM32CubeIDE.app/Contents/Eclipse/plugins/com.st.stm32cube.ide.mcu.externaltools.gnu-tools-for-stm32.11.3.rel1.macos64_1.1.1.202309131626/tools/bin/../lib/gcc/arm-none-eabi/11.3.1/../../../../arm-none-eabi/lib/thumb/v7e-m+fp/hard/libc_nano.a(libc_a-init.o)
 .ARM.attributes
                0x000000000000037f       0x1e /Applications/STM32CubeIDE.app/Contents/Eclipse/plugins/com.st.stm32cube.ide.mcu.externaltools.gnu-tools-for-stm32.11.3.rel1.macos64_1.1.1.202309131626/tools/bin/../lib/gcc/arm-none-eabi/11.3.1/thumb/v7e-m+fp/hard/libgcc.a(_aeabi_uldivmod.o)
 .ARM.attributes
                0x000000000000039d       0x34 /Applications/STM32CubeIDE.app/Contents/Eclipse/plugins/com.st.stm32cube.ide.mcu.externaltools.gnu-tools-for-stm32.11.3.rel1.macos64_1.1.1.202309131626/tools/bin/../lib/gcc/arm-none-eabi/11.3.1/thumb/v7e-m+fp/hard/libgcc.a(_udivmoddi4.o)
 .ARM.attributes
                0x00000000000003d1       0x1e /Applications/STM32CubeIDE.app/Contents/Eclipse/plugins/com.st.stm32cube.ide.mcu.externaltools.gnu-tools-for-stm32.11.3.rel1.macos64_1.1.1.202309131626/tools/bin/../lib/gcc/arm-none-eabi/11.3.1/thumb/v7e-m+fp/hard/libgcc.a(_dvmd_tls.o)
 .ARM.attributes
                0x00000000000003ef       0x1e /Applications/STM32CubeIDE.app/Contents/Eclipse/plugins/com.st.stm32cube.ide.mcu.externaltools.gnu-tools-for-stm32.11.3.rel1.macos64_1.1.1.202309131626/tools/bin/../lib/gcc/arm-none-eabi/11.3.1/thumb/v7e-m+fp/hard/crtn.o
OUTPUT(Transceiver_H10.elf elf32-littlearm)
LOAD linker stubs
LOAD /Applications/STM32CubeIDE.app/Contents/Eclipse/plugins/com.st.stm32cube.ide.mcu.externaltools.gnu-tools-for-stm32.11.3.rel1.macos64_1.1.1.202309131626/tools/bin/../lib/gcc/arm-none-eabi/11.3.1/../../../../arm-none-eabi/lib/thumb/v7e-m+fp/hard/libc.a
LOAD /Applications/STM32CubeIDE.app/Contents/Eclipse/plugins/com.st.stm32cube.ide.mcu.externaltools.gnu-tools-for-stm32.11.3.rel1.macos64_1.1.1.202309131626/tools/bin/../lib/gcc/arm-none-eabi/11.3.1/../../../../arm-none-eabi/lib/thumb/v7e-m+fp/hard/libm.a
LOAD /Applications/STM32CubeIDE.app/Contents/Eclipse/plugins/com.st.stm32cube.ide.mcu.externaltools.gnu-tools-for-stm32.11.3.rel1.macos64_1.1.1.202309131626/tools/bin/../lib/gcc/arm-none-eabi/11.3.1/thumb/v7e-m+fp/hard/libgcc.a

.comment        0x0000000000000000       0x43
 .comment       0x0000000000000000       0x43 /Applications/STM32CubeIDE.app/Contents/Eclipse/plugins/com.st.stm32cube.ide.mcu.externaltools.gnu-tools-for-stm32.11.3.rel1.macos64_1.1.1.202309131626/tools/bin/../lib/gcc/arm-none-eabi/11.3.1/thumb/v7e-m+fp/hard/crtbegin.o
                                         0x44 (size before relaxing)
 .comment       0x0000000000000043       0x44 ./Core/Src/main.o
 .comment       0x0000000000000043       0x44 ./Core/Src/stm32f4xx_hal_msp.o
 .comment       0x0000000000000043       0x44 ./Core/Src/stm32f4xx_it.o
 .comment       0x0000000000000043       0x44 ./Core/Src/system_stm32f4xx.o
 .comment       0x0000000000000043       0x44 ./Drivers/STM32F4xx_HAL_Driver/Src/stm32f4xx_hal.o
 .comment       0x0000000000000043       0x44 ./Drivers/STM32F4xx_HAL_Driver/Src/stm32f4xx_hal_cortex.o
 .comment       0x0000000000000043       0x44 ./Drivers/STM32F4xx_HAL_Driver/Src/stm32f4xx_hal_dma.o
 .comment       0x0000000000000043       0x44 ./Drivers/STM32F4xx_HAL_Driver/Src/stm32f4xx_hal_gpio.o
 .comment       0x0000000000000043       0x44 ./Drivers/STM32F4xx_HAL_Driver/Src/stm32f4xx_hal_rcc.o
 .comment       0x0000000000000043       0x44 ./Drivers/STM32F4xx_HAL_Driver/Src/stm32f4xx_hal_spi.o
 .comment       0x0000000000000043       0x44 ./Drivers/STM32F4xx_HAL_Driver/Src/stm32f4xx_hal_tim.o
 .comment       0x0000000000000043       0x44 ./Drivers/STM32F4xx_HAL_Driver/Src/stm32f4xx_hal_tim_ex.o
 .comment       0x0000000000000043       0x44 ./Drivers/STM32F4xx_HAL_Driver/Src/stm32f4xx_hal_uart.o

.debug_info     0x0000000000000000     0xee7a
 .debug_info    0x0000000000000000     0x1a65 ./Core/Src/main.o
 .debug_info    0x0000000000001a65     0x12fb ./Core/Src/stm32f4xx_hal_msp.o
 .debug_info    0x0000000000002d60      0x9cf ./Core/Src/stm32f4xx_it.o
 .debug_info    0x000000000000372f      0x53e ./Core/Src/system_stm32f4xx.o
 .debug_info    0x0000000000003c6d       0x23 ./Core/Startup/startup_stm32f401retx.o
 .debug_info    0x0000000000003c90      0x8bb ./Drivers/STM32F4xx_HAL_Driver/Src/stm32f4xx_hal.o
 .debug_info    0x000000000000454b      0xcb0 ./Drivers/STM32F4xx_HAL_Driver/Src/stm32f4xx_hal_cortex.o
 .debug_info    0x00000000000051fb      0x8e6 ./Drivers/STM32F4xx_HAL_Driver/Src/stm32f4xx_hal_dma.o
 .debug_info    0x0000000000005ae1      0x6f9 ./Drivers/STM32F4xx_HAL_Driver/Src/stm32f4xx_hal_gpio.o
 .debug_info    0x00000000000061da      0x8f3 ./Drivers/STM32F4xx_HAL_Driver/Src/stm32f4xx_hal_rcc.o
 .debug_info    0x0000000000006acd     0x1606 ./Drivers/STM32F4xx_HAL_Driver/Src/stm32f4xx_hal_spi.o
 .debug_info    0x00000000000080d3     0x2941 ./Drivers/STM32F4xx_HAL_Driver/Src/stm32f4xx_hal_tim.o
 .debug_info    0x000000000000aa14     0x14a7 ./Drivers/STM32F4xx_HAL_Driver/Src/stm32f4xx_hal_tim_ex.o
 .debug_info    0x000000000000bebb     0x2fbf ./Drivers/STM32F4xx_HAL_Driver/Src/stm32f4xx_hal_uart.o

.debug_abbrev   0x0000000000000000     0x1f5a
 .debug_abbrev  0x0000000000000000      0x340 ./Core/Src/main.o
 .debug_abbrev  0x0000000000000340      0x25e ./Core/Src/stm32f4xx_hal_msp.o
 .debug_abbrev  0x000000000000059e      0x1c7 ./Core/Src/stm32f4xx_it.o
 .debug_abbrev  0x0000000000000765      0x11a ./Core/Src/system_stm32f4xx.o
 .debug_abbrev  0x000000000000087f       0x12 ./Core/Startup/startup_stm32f401retx.o
 .debug_abbrev  0x0000000000000891      0x24b ./Drivers/STM32F4xx_HAL_Driver/Src/stm32f4xx_hal.o
 .debug_abbrev  0x0000000000000adc      0x327 ./Drivers/STM32F4xx_HAL_Driver/Src/stm32f4xx_hal_cortex.o
 .debug_abbrev  0x0000000000000e03      0x221 ./Drivers/STM32F4xx_HAL_Driver/Src/stm32f4xx_hal_dma.o
 .debug_abbrev  0x0000000000001024      0x1d3 ./Drivers/STM32F4xx_HAL_Driver/Src/stm32f4xx_hal_gpio.o
 .debug_abbrev  0x00000000000011f7      0x2b5 ./Drivers/STM32F4xx_HAL_Driver/Src/stm32f4xx_hal_rcc.o
 .debug_abbrev  0x00000000000014ac      0x280 ./Drivers/STM32F4xx_HAL_Driver/Src/stm32f4xx_hal_spi.o
 .debug_abbrev  0x000000000000172c      0x284 ./Drivers/STM32F4xx_HAL_Driver/Src/stm32f4xx_hal_tim.o
 .debug_abbrev  0x00000000000019b0      0x28f ./Drivers/STM32F4xx_HAL_Driver/Src/stm32f4xx_hal_tim_ex.o
 .debug_abbrev  0x0000000000001c3f      0x31b ./Drivers/STM32F4xx_HAL_Driver/Src/stm32f4xx_hal_uart.o

.debug_aranges  0x0000000000000000      0xe58
 .debug_aranges
                0x0000000000000000       0xa8 ./Core/Src/main.o
 .debug_aranges
                0x00000000000000a8       0x58 ./Core/Src/stm32f4xx_hal_msp.o
 .debug_aranges
                0x0000000000000100       0x88 ./Core/Src/stm32f4xx_it.o
 .debug_aranges
                0x0000000000000188       0x28 ./Core/Src/system_stm32f4xx.o
 .debug_aranges
                0x00000000000001b0       0x28 ./Core/Startup/startup_stm32f401retx.o
 .debug_aranges
                0x00000000000001d8       0xf0 ./Drivers/STM32F4xx_HAL_Driver/Src/stm32f4xx_hal.o
 .debug_aranges
                0x00000000000002c8      0x118 ./Drivers/STM32F4xx_HAL_Driver/Src/stm32f4xx_hal_cortex.o
 .debug_aranges
                0x00000000000003e0       0x90 ./Drivers/STM32F4xx_HAL_Driver/Src/stm32f4xx_hal_dma.o
 .debug_aranges
                0x0000000000000470       0x58 ./Drivers/STM32F4xx_HAL_Driver/Src/stm32f4xx_hal_gpio.o
 .debug_aranges
                0x00000000000004c8       0x88 ./Drivers/STM32F4xx_HAL_Driver/Src/stm32f4xx_hal_rcc.o
 .debug_aranges
                0x0000000000000550      0x1d0 ./Drivers/STM32F4xx_HAL_Driver/Src/stm32f4xx_hal_spi.o
 .debug_aranges
                0x0000000000000720      0x3d0 ./Drivers/STM32F4xx_HAL_Driver/Src/stm32f4xx_hal_tim.o
 .debug_aranges
                0x0000000000000af0      0x168 ./Drivers/STM32F4xx_HAL_Driver/Src/stm32f4xx_hal_tim_ex.o
 .debug_aranges
                0x0000000000000c58      0x200 ./Drivers/STM32F4xx_HAL_Driver/Src/stm32f4xx_hal_uart.o

.debug_rnglists
                0x0000000000000000      0xb4d
 .debug_rnglists
                0x0000000000000000       0x81 ./Core/Src/main.o
 .debug_rnglists
                0x0000000000000081       0x41 ./Core/Src/stm32f4xx_hal_msp.o
 .debug_rnglists
                0x00000000000000c2       0x61 ./Core/Src/stm32f4xx_it.o
 .debug_rnglists
                0x0000000000000123       0x1a ./Core/Src/system_stm32f4xx.o
 .debug_rnglists
                0x000000000000013d       0x19 ./Core/Startup/startup_stm32f401retx.o
 .debug_rnglists
                0x0000000000000156       0xaf ./Drivers/STM32F4xx_HAL_Driver/Src/stm32f4xx_hal.o
 .debug_rnglists
                0x0000000000000205       0xce ./Drivers/STM32F4xx_HAL_Driver/Src/stm32f4xx_hal_cortex.o
 .debug_rnglists
                0x00000000000002d3       0x70 ./Drivers/STM32F4xx_HAL_Driver/Src/stm32f4xx_hal_dma.o
 .debug_rnglists
                0x0000000000000343       0x3f ./Drivers/STM32F4xx_HAL_Driver/Src/stm32f4xx_hal_gpio.o
 .debug_rnglists
                0x0000000000000382       0x66 ./Drivers/STM32F4xx_HAL_Driver/Src/stm32f4xx_hal_rcc.o
 .debug_rnglists
                0x00000000000003e8      0x16f ./Drivers/STM32F4xx_HAL_Driver/Src/stm32f4xx_hal_spi.o
 .debug_rnglists
                0x0000000000000557      0x31a ./Drivers/STM32F4xx_HAL_Driver/Src/stm32f4xx_hal_tim.o
 .debug_rnglists
                0x0000000000000871      0x125 ./Drivers/STM32F4xx_HAL_Driver/Src/stm32f4xx_hal_tim_ex.o
 .debug_rnglists
                0x0000000000000996      0x1b7 ./Drivers/STM32F4xx_HAL_Driver/Src/stm32f4xx_hal_uart.o

.debug_macro    0x0000000000000000    0x163aa
 .debug_macro   0x0000000000000000      0x2eb ./Core/Src/main.o
 .debug_macro   0x00000000000002eb      0xaa8 ./Core/Src/main.o
 .debug_macro   0x0000000000000d93      0x2a1 ./Core/Src/main.o
 .debug_macro   0x0000000000001034       0x2e ./Core/Src/main.o
 .debug_macro   0x0000000000001062       0x28 ./Core/Src/main.o
 .debug_macro   0x000000000000108a       0x22 ./Core/Src/main.o
 .debug_macro   0x00000000000010ac       0x8e ./Core/Src/main.o
 .debug_macro   0x000000000000113a       0x51 ./Core/Src/main.o
 .debug_macro   0x000000000000118b      0x103 ./Core/Src/main.o
 .debug_macro   0x000000000000128e       0x6a ./Core/Src/main.o
 .debug_macro   0x00000000000012f8      0x1df ./Core/Src/main.o
 .debug_macro   0x00000000000014d7       0x1c ./Core/Src/main.o
 .debug_macro   0x00000000000014f3       0x22 ./Core/Src/main.o
 .debug_macro   0x0000000000001515       0xd9 ./Core/Src/main.o
 .debug_macro   0x00000000000015ee     0x102d ./Core/Src/main.o
 .debug_macro   0x000000000000261b      0x11f ./Core/Src/main.o
 .debug_macro   0x000000000000273a     0xb86c ./Core/Src/main.o
 .debug_macro   0x000000000000dfa6       0x6d ./Core/Src/main.o
 .debug_macro   0x000000000000e013     0x367e ./Core/Src/main.o
 .debug_macro   0x0000000000011691      0x174 ./Core/Src/main.o
 .debug_macro   0x0000000000011805       0x5c ./Core/Src/main.o
 .debug_macro   0x0000000000011861      0x416 ./Core/Src/main.o
 .debug_macro   0x0000000000011c77      0x9fe ./Core/Src/main.o
 .debug_macro   0x0000000000012675      0x115 ./Core/Src/main.o
 .debug_macro   0x000000000001278a       0xf8 ./Core/Src/main.o
 .debug_macro   0x0000000000012882       0xa5 ./Core/Src/main.o
 .debug_macro   0x0000000000012927      0x15f ./Core/Src/main.o
 .debug_macro   0x0000000000012a86      0x287 ./Core/Src/main.o
 .debug_macro   0x0000000000012d0d       0x5f ./Core/Src/main.o
 .debug_macro   0x0000000000012d6c      0x236 ./Core/Src/main.o
 .debug_macro   0x0000000000012fa2      0x132 ./Core/Src/main.o
 .debug_macro   0x00000000000130d4      0x264 ./Core/Src/main.o
 .debug_macro   0x0000000000013338       0x2e ./Core/Src/main.o
 .debug_macro   0x0000000000013366      0x11a ./Core/Src/main.o
 .debug_macro   0x0000000000013480       0x85 ./Core/Src/main.o
 .debug_macro   0x0000000000013505       0x89 ./Core/Src/main.o
 .debug_macro   0x000000000001358e      0x225 ./Core/Src/main.o
 .debug_macro   0x00000000000137b3      0x8e6 ./Core/Src/main.o
 .debug_macro   0x0000000000014099       0x47 ./Core/Src/main.o
 .debug_macro   0x00000000000140e0      0x295 ./Core/Src/main.o
 .debug_macro   0x0000000000014375      0x126 ./Core/Src/main.o
 .debug_macro   0x000000000001449b       0x40 ./Core/Src/main.o
 .debug_macro   0x00000000000144db       0x61 ./Core/Src/main.o
 .debug_macro   0x000000000001453c       0x2a ./Core/Src/main.o
 .debug_macro   0x0000000000014566       0x43 ./Core/Src/main.o
 .debug_macro   0x00000000000145a9       0x34 ./Core/Src/main.o
 .debug_macro   0x00000000000145dd       0x16 ./Core/Src/main.o
 .debug_macro   0x00000000000145f3       0x43 ./Core/Src/main.o
 .debug_macro   0x0000000000014636       0x34 ./Core/Src/main.o
 .debug_macro   0x000000000001466a       0x10 ./Core/Src/main.o
 .debug_macro   0x000000000001467a       0x58 ./Core/Src/main.o
 .debug_macro   0x00000000000146d2       0x8e ./Core/Src/main.o
 .debug_macro   0x0000000000014760       0x1c ./Core/Src/main.o
 .debug_macro   0x000000000001477c      0x177 ./Core/Src/main.o
 .debug_macro   0x00000000000148f3      0x369 ./Core/Src/main.o
 .debug_macro   0x0000000000014c5c       0x10 ./Core/Src/main.o
 .debug_macro   0x0000000000014c6c       0x35 ./Core/Src/main.o
 .debug_macro   0x0000000000014ca1       0x20 ./Core/Src/main.o
 .debug_macro   0x0000000000014cc1      0x1e7 ./Core/Src/stm32f4xx_hal_msp.o
 .debug_macro   0x0000000000014ea8      0x1f1 ./Core/Src/stm32f4xx_it.o
 .debug_macro   0x0000000000015099      0x1d8 ./Core/Src/system_stm32f4xx.o
 .debug_macro   0x0000000000015271      0x238 ./Drivers/STM32F4xx_HAL_Driver/Src/stm32f4xx_hal.o
 .debug_macro   0x00000000000154a9      0x1d8 ./Drivers/STM32F4xx_HAL_Driver/Src/stm32f4xx_hal_cortex.o
 .debug_macro   0x0000000000015681      0x1de ./Drivers/STM32F4xx_HAL_Driver/Src/stm32f4xx_hal_dma.o
 .debug_macro   0x000000000001585f      0x1de ./Drivers/STM32F4xx_HAL_Driver/Src/stm32f4xx_hal_gpio.o
 .debug_macro   0x0000000000015a3d      0x1fc ./Drivers/STM32F4xx_HAL_Driver/Src/stm32f4xx_hal_rcc.o
 .debug_macro   0x0000000000015c39      0x1e7 ./Drivers/STM32F4xx_HAL_Driver/Src/stm32f4xx_hal_spi.o
 .debug_macro   0x0000000000015e20      0x1d9 ./Drivers/STM32F4xx_HAL_Driver/Src/stm32f4xx_hal_tim.o
 .debug_macro   0x0000000000015ff9      0x1d8 ./Drivers/STM32F4xx_HAL_Driver/Src/stm32f4xx_hal_tim_ex.o
 .debug_macro   0x00000000000161d1      0x1d9 ./Drivers/STM32F4xx_HAL_Driver/Src/stm32f4xx_hal_uart.o

.debug_line     0x0000000000000000     0xf935
 .debug_line    0x0000000000000000      0xd61 ./Core/Src/main.o
 .debug_line    0x0000000000000d61      0x8ba ./Core/Src/stm32f4xx_hal_msp.o
 .debug_line    0x000000000000161b      0x82d ./Core/Src/stm32f4xx_it.o
 .debug_line    0x0000000000001e48      0x774 ./Core/Src/system_stm32f4xx.o
 .debug_line    0x00000000000025bc       0x7a ./Core/Startup/startup_stm32f401retx.o
 .debug_line    0x0000000000002636      0x9da ./Drivers/STM32F4xx_HAL_Driver/Src/stm32f4xx_hal.o
 .debug_line    0x0000000000003010      0xc89 ./Drivers/STM32F4xx_HAL_Driver/Src/stm32f4xx_hal_cortex.o
 .debug_line    0x0000000000003c99      0xf3e ./Drivers/STM32F4xx_HAL_Driver/Src/stm32f4xx_hal_dma.o
 .debug_line    0x0000000000004bd7      0xb12 ./Drivers/STM32F4xx_HAL_Driver/Src/stm32f4xx_hal_gpio.o
 .debug_line    0x00000000000056e9      0xd53 ./Drivers/STM32F4xx_HAL_Driver/Src/stm32f4xx_hal_rcc.o
 .debug_line    0x000000000000643c     0x1c6b ./Drivers/STM32F4xx_HAL_Driver/Src/stm32f4xx_hal_spi.o
 .debug_line    0x00000000000080a7     0x34a0 ./Drivers/STM32F4xx_HAL_Driver/Src/stm32f4xx_hal_tim.o
 .debug_line    0x000000000000b547     0x1972 ./Drivers/STM32F4xx_HAL_Driver/Src/stm32f4xx_hal_tim_ex.o
 .debug_line    0x000000000000ceb9     0x2a7c ./Drivers/STM32F4xx_HAL_Driver/Src/stm32f4xx_hal_uart.o

.debug_str      0x0000000000000000    0x8e5ba
 .debug_str     0x0000000000000000    0x8b68b ./Core/Src/main.o
                                      0x8ba24 (size before relaxing)
 .debug_str     0x000000000008b68b      0x105 ./Core/Src/stm32f4xx_hal_msp.o
                                      0x88335 (size before relaxing)
 .debug_str     0x000000000008b790      0x174 ./Core/Src/stm32f4xx_it.o
                                      0x87c82 (size before relaxing)
 .debug_str     0x000000000008b904       0xdb ./Core/Src/system_stm32f4xx.o
                                      0x874e2 (size before relaxing)
 .debug_str     0x000000000008b9df       0x34 ./Core/Startup/startup_stm32f401retx.o
                                         0x7a (size before relaxing)
 .debug_str     0x000000000008ba13      0x5f0 ./Drivers/STM32F4xx_HAL_Driver/Src/stm32f4xx_hal.o
                                      0x87f04 (size before relaxing)
 .debug_str     0x000000000008c003      0x32d ./Drivers/STM32F4xx_HAL_Driver/Src/stm32f4xx_hal_cortex.o
                                      0x87c25 (size before relaxing)
 .debug_str     0x000000000008c330      0x2e6 ./Drivers/STM32F4xx_HAL_Driver/Src/stm32f4xx_hal_dma.o
                                      0x878ea (size before relaxing)
 .debug_str     0x000000000008c616      0x110 ./Drivers/STM32F4xx_HAL_Driver/Src/stm32f4xx_hal_gpio.o
                                      0x8765d (size before relaxing)
 .debug_str     0x000000000008c726      0x233 ./Drivers/STM32F4xx_HAL_Driver/Src/stm32f4xx_hal_rcc.o
                                      0x87916 (size before relaxing)
 .debug_str     0x000000000008c959      0x541 ./Drivers/STM32F4xx_HAL_Driver/Src/stm32f4xx_hal_spi.o
                                      0x87d94 (size before relaxing)
 .debug_str     0x000000000008ce9a      0xcdf ./Drivers/STM32F4xx_HAL_Driver/Src/stm32f4xx_hal_tim.o
                                      0x8884a (size before relaxing)
 .debug_str     0x000000000008db79      0x493 ./Drivers/STM32F4xx_HAL_Driver/Src/stm32f4xx_hal_tim_ex.o
                                      0x88066 (size before relaxing)
 .debug_str     0x000000000008e00c      0x5ae ./Drivers/STM32F4xx_HAL_Driver/Src/stm32f4xx_hal_uart.o
                                      0x87ea3 (size before relaxing)

.debug_frame    0x0000000000000000     0x3d08
 .debug_frame   0x0000000000000000      0x264 ./Core/Src/main.o
 .debug_frame   0x0000000000000264      0x130 ./Core/Src/stm32f4xx_hal_msp.o
 .debug_frame   0x0000000000000394      0x190 ./Core/Src/stm32f4xx_it.o
 .debug_frame   0x0000000000000524       0x58 ./Core/Src/system_stm32f4xx.o
 .debug_frame   0x000000000000057c      0x374 ./Drivers/STM32F4xx_HAL_Driver/Src/stm32f4xx_hal.o
 .debug_frame   0x00000000000008f0      0x498 ./Drivers/STM32F4xx_HAL_Driver/Src/stm32f4xx_hal_cortex.o
 .debug_frame   0x0000000000000d88      0x250 ./Drivers/STM32F4xx_HAL_Driver/Src/stm32f4xx_hal_dma.o
 .debug_frame   0x0000000000000fd8      0x14c ./Drivers/STM32F4xx_HAL_Driver/Src/stm32f4xx_hal_gpio.o
 .debug_frame   0x0000000000001124      0x1f4 ./Drivers/STM32F4xx_HAL_Driver/Src/stm32f4xx_hal_rcc.o
 .debug_frame   0x0000000000001318      0x824 ./Drivers/STM32F4xx_HAL_Driver/Src/stm32f4xx_hal_spi.o
 .debug_frame   0x0000000000001b3c     0x11bc ./Drivers/STM32F4xx_HAL_Driver/Src/stm32f4xx_hal_tim.o
 .debug_frame   0x0000000000002cf8      0x638 ./Drivers/STM32F4xx_HAL_Driver/Src/stm32f4xx_hal_tim_ex.o
 .debug_frame   0x0000000000003330      0x92c ./Drivers/STM32F4xx_HAL_Driver/Src/stm32f4xx_hal_uart.o
 .debug_frame   0x0000000000003c5c       0x20 /Applications/STM32CubeIDE.app/Contents/Eclipse/plugins/com.st.stm32cube.ide.mcu.externaltools.gnu-tools-for-stm32.11.3.rel1.macos64_1.1.1.202309131626/tools/bin/../lib/gcc/arm-none-eabi/11.3.1/../../../../arm-none-eabi/lib/thumb/v7e-m+fp/hard/libc_nano.a(libc_a-memset.o)
 .debug_frame   0x0000000000003c7c       0x2c /Applications/STM32CubeIDE.app/Contents/Eclipse/plugins/com.st.stm32cube.ide.mcu.externaltools.gnu-tools-for-stm32.11.3.rel1.macos64_1.1.1.202309131626/tools/bin/../lib/gcc/arm-none-eabi/11.3.1/../../../../arm-none-eabi/lib/thumb/v7e-m+fp/hard/libc_nano.a(libc_a-init.o)
 .debug_frame   0x0000000000003ca8       0x2c /Applications/STM32CubeIDE.app/Contents/Eclipse/plugins/com.st.stm32cube.ide.mcu.externaltools.gnu-tools-for-stm32.11.3.rel1.macos64_1.1.1.202309131626/tools/bin/../lib/gcc/arm-none-eabi/11.3.1/thumb/v7e-m+fp/hard/libgcc.a(_aeabi_uldivmod.o)
 .debug_frame   0x0000000000003cd4       0x34 /Applications/STM32CubeIDE.app/Contents/Eclipse/plugins/com.st.stm32cube.ide.mcu.externaltools.gnu-tools-for-stm32.11.3.rel1.macos64_1.1.1.202309131626/tools/bin/../lib/gcc/arm-none-eabi/11.3.1/thumb/v7e-m+fp/hard/libgcc.a(_udivmoddi4.o)

.debug_line_str
                0x0000000000000000       0x6e
 .debug_line_str
                0x0000000000000000       0x6e ./Core/Startup/startup_stm32f401retx.o
                                         0x86 (size before relaxing)
