19:15:45 **** Incremental Build of configuration Debug for project Project1c ****
make -j15 all 
arm-none-eabi-size   Project1c.elf 
   text	   data	    bss	    dec	    hex	filename
  41988	    492	   2508	  44988	   afbc	Project1c.elf
Finished building: default.size.stdout
 
11:18:22 **** Incremental Build of configuration Debug for project Project1b ****
make -j15 all 
arm-none-eabi-size   Project1b.elf 
   text	   data	    bss	    dec	    hex	filename
  35724	    496	   2312	  38532	   9684	Project1b.elf
Finished building: default.size.stdout
 
11:20:37 **** Incremental Build of configuration Debug for project Project1c ****
make -j15 all 
arm-none-eabi-size   Project1c.elf 
   text	   data	    bss	    dec	    hex	filename
  41988	    492	   2508	  44988	   afbc	Project1c.elf
Finished building: default.size.stdout
 
09:38:02 **** Incremental Build of configuration Debug for project Project1b ****
make -j15 all 
arm-none-eabi-size   Project1b.elf 
   text	   data	    bss	    dec	    hex	filename
  35724	    496	   2312	  38532	   9684	Project1b.elf
Finished building: default.size.stdout
 
09:49:13 **** Incremental Build of configuration Debug for project Project1c ****
make -j15 all 
arm-none-eabi-size   Project1c.elf 
   text	   data	    bss	    dec	    hex	filename
  41988	    492	   2508	  44988	   afbc	Project1c.elf
Finished building: default.size.stdout
 
