../Core/Src/main.c:114:6:initCharMAP	16	static
../Core/Src/main.c:136:6:showletter	4	static
../Core/Src/main.c:140:6:Our_UART_SendByte	24	static
../Core/Src/main.c:164:6:HAL_TIM_PeriodElapsedCallback	24	static
../Core/Src/main.c:224:6:HAL_SPI_TxCpltCallback	16	static
../Core/Src/main.c:233:6:HAL_UART_RxCpltCallback	16	static
../Core/Src/main.c:244:5:main	16	static
../Core/Src/main.c:313:6:SystemClock_Config	88	static
../Core/Src/main.c:360:13:MX_SPI1_Init	8	static
../Core/Src/main.c:398:13:MX_TIM2_Init	64	static
../Core/Src/main.c:457:13:MX_TIM3_Init	32	static
../Core/Src/main.c:502:13:MX_TIM10_Init	8	static
../Core/Src/main.c:533:13:MX_TIM11_Init	8	static
../Core/Src/main.c:564:13:MX_USART1_UART_Init	8	static
../Core/Src/main.c:597:13:MX_USART2_UART_Init	8	static
../Core/Src/main.c:628:13:MX_DMA_Init	16	static
../Core/Src/main.c:646:13:MX_GPIO_Init	48	static
../Core/Src/main.c:686:6:Error_Handler	4	static,ignoring_inline_asm
