../Core/Src/main.c:65:6:Our_UART_SendByte	24	static
../Core/Src/main.c:89:6:Send_Message	24	static
../Core/Src/main.c:96:6:HAL_TIM_PeriodElapsedCallback	16	static
../Core/Src/main.c:107:5:main	48	static
../Core/Src/main.c:155:6:SystemClock_Config	88	static
../Core/Src/main.c:202:13:MX_TIM2_Init	64	static
../Core/Src/main.c:261:13:MX_TIM3_Init	32	static
../Core/Src/main.c:306:13:MX_USART2_UART_Init	8	static
../Core/Src/main.c:339:13:MX_GPIO_Init	48	static
../Core/Src/main.c:379:6:Error_Handler	4	static,ignoring_inline_asm
