../Core/Src/main.c:79:6:Our_UART_SendByte	24	static
../Core/Src/main.c:103:6:HAL_TIM_PeriodElapsedCallback	24	static
../Core/Src/main.c:165:5:main	16	static
../Core/Src/main.c:223:6:SystemClock_Config	88	static
../Core/Src/main.c:270:13:MX_TIM2_Init	64	static
../Core/Src/main.c:329:13:MX_TIM3_Init	32	static
../Core/Src/main.c:374:13:MX_TIM10_Init	8	static
../Core/Src/main.c:405:13:MX_USART2_UART_Init	8	static
../Core/Src/main.c:438:13:MX_GPIO_Init	48	static
../Core/Src/main.c:488:6:Error_Handler	4	static,ignoring_inline_asm
